LineGuard demo | ResNet-18 classifier | REJECT if score >= 0.50000 | cpu
image                              score   threshold  verdict
broken_large_002.png             1.00000     0.50000  REJECT
broken_large_003.png             1.00000     0.50000  REJECT
broken_large_007.png             1.00000     0.50000  REJECT
broken_small_001.png             0.99993     0.50000  REJECT
broken_small_010.png             0.99999     0.50000  REJECT
broken_small_011.png             0.99989     0.50000  REJECT
contamination_000.png            0.99991     0.50000  REJECT
contamination_001.png            0.99953     0.50000  REJECT
contamination_002.png            0.99922     0.50000  REJECT
contamination_005.png            0.99999     0.50000  REJECT
good_000.png                     0.02601     0.50000  OK
good_002.png                     0.00942     0.50000  OK
good_003.png                     0.00497     0.50000  OK
good_007.png                     0.02661     0.50000  OK
good_008.png                     0.01195     0.50000  OK
good_009.png                     0.00394     0.50000  OK
good_010.png                     0.01710     0.50000  OK
good_013.png                     0.00904     0.50000  OK
good_018.png                     0.02524     0.50000  OK
good_019.png                     0.01982     0.50000  OK

20 images: 10 OK, 10 REJECT. Figures saved to results/demo/
