Dataset: data\mvtec\bottle
  train/good            209 images
  test/good              20 images
  test/broken_large      20 images
  test/broken_small      22 images
  test/contamination     21 images
Training autoencoder on 188 good images, validating on 21 (cuda).
epoch   1  train MSE 0.08108  val MSE 0.08746
epoch   2  train MSE 0.02213  val MSE 0.01638
epoch   3  train MSE 0.00943  val MSE 0.00789
epoch   4  train MSE 0.00571  val MSE 0.00775
epoch   5  train MSE 0.00424  val MSE 0.00567
epoch   6  train MSE 0.00352  val MSE 0.00352
epoch   7  train MSE 0.00307  val MSE 0.00294
epoch   8  train MSE 0.00274  val MSE 0.00261
epoch   9  train MSE 0.00246  val MSE 0.00238
epoch  10  train MSE 0.00222  val MSE 0.00245
epoch  11  train MSE 0.00205  val MSE 0.00190
epoch  12  train MSE 0.00186  val MSE 0.00188
epoch  13  train MSE 0.00173  val MSE 0.00168
epoch  14  train MSE 0.00161  val MSE 0.00151
epoch  15  train MSE 0.00148  val MSE 0.00160
epoch  16  train MSE 0.00141  val MSE 0.00131
epoch  17  train MSE 0.00133  val MSE 0.00127
epoch  18  train MSE 0.00127  val MSE 0.00124
epoch  19  train MSE 0.00122  val MSE 0.00123
epoch  20  train MSE 0.00117  val MSE 0.00118
epoch  21  train MSE 0.00110  val MSE 0.00110
epoch  22  train MSE 0.00105  val MSE 0.00107
epoch  23  train MSE 0.00099  val MSE 0.00109
epoch  24  train MSE 0.00095  val MSE 0.00092
epoch  25  train MSE 0.00091  val MSE 0.00093
epoch  26  train MSE 0.00087  val MSE 0.00087
epoch  27  train MSE 0.00083  val MSE 0.00083
epoch  28  train MSE 0.00081  val MSE 0.00081
epoch  29  train MSE 0.00078  val MSE 0.00075
epoch  30  train MSE 0.00074  val MSE 0.00074
epoch  31  train MSE 0.00073  val MSE 0.00078
epoch  32  train MSE 0.00070  val MSE 0.00068
epoch  33  train MSE 0.00068  val MSE 0.00070
epoch  34  train MSE 0.00066  val MSE 0.00067
epoch  35  train MSE 0.00065  val MSE 0.00069
epoch  36  train MSE 0.00061  val MSE 0.00063
epoch  37  train MSE 0.00059  val MSE 0.00061
epoch  38  train MSE 0.00059  val MSE 0.00057
epoch  39  train MSE 0.00058  val MSE 0.00060
epoch  40  train MSE 0.00057  val MSE 0.00058
epoch  41  train MSE 0.00055  val MSE 0.00056
epoch  42  train MSE 0.00053  val MSE 0.00054
epoch  43  train MSE 0.00052  val MSE 0.00051
epoch  44  train MSE 0.00052  val MSE 0.00049
epoch  45  train MSE 0.00050  val MSE 0.00049
epoch  46  train MSE 0.00048  val MSE 0.00049
epoch  47  train MSE 0.00048  val MSE 0.00048
epoch  48  train MSE 0.00048  val MSE 0.00055
epoch  49  train MSE 0.00049  val MSE 0.00058
epoch  50  train MSE 0.00049  val MSE 0.00048
epoch  51  train MSE 0.00047  val MSE 0.00045
epoch  52  train MSE 0.00045  val MSE 0.00044
epoch  53  train MSE 0.00044  val MSE 0.00043
epoch  54  train MSE 0.00043  val MSE 0.00042
epoch  55  train MSE 0.00042  val MSE 0.00043
epoch  56  train MSE 0.00043  val MSE 0.00041
epoch  57  train MSE 0.00041  val MSE 0.00041
epoch  58  train MSE 0.00040  val MSE 0.00040
epoch  59  train MSE 0.00040  val MSE 0.00041
epoch  60  train MSE 0.00041  val MSE 0.00039
epoch  61  train MSE 0.00039  val MSE 0.00038
epoch  62  train MSE 0.00039  val MSE 0.00038
epoch  63  train MSE 0.00038  val MSE 0.00037
epoch  64  train MSE 0.00039  val MSE 0.00038
epoch  65  train MSE 0.00038  val MSE 0.00039
epoch  66  train MSE 0.00037  val MSE 0.00037
epoch  67  train MSE 0.00036  val MSE 0.00036
epoch  68  train MSE 0.00036  val MSE 0.00036
epoch  69  train MSE 0.00036  val MSE 0.00036
epoch  70  train MSE 0.00037  val MSE 0.00037
epoch  71  train MSE 0.00037  val MSE 0.00036
epoch  72  train MSE 0.00035  val MSE 0.00036
epoch  73  train MSE 0.00035  val MSE 0.00035
epoch  74  train MSE 0.00034  val MSE 0.00036
epoch  75  train MSE 0.00034  val MSE 0.00037
epoch  76  train MSE 0.00034  val MSE 0.00034
epoch  77  train MSE 0.00033  val MSE 0.00033
epoch  78  train MSE 0.00032  val MSE 0.00035
epoch  79  train MSE 0.00033  val MSE 0.00034
epoch  80  train MSE 0.00032  val MSE 0.00034
epoch  81  train MSE 0.00032  val MSE 0.00032
epoch  82  train MSE 0.00033  val MSE 0.00033
epoch  83  train MSE 0.00032  val MSE 0.00033
epoch  84  train MSE 0.00033  val MSE 0.00033
epoch  85  train MSE 0.00032  val MSE 0.00033
epoch  86  train MSE 0.00032  val MSE 0.00032
epoch  87  train MSE 0.00032  val MSE 0.00034
epoch  88  train MSE 0.00032  val MSE 0.00035
epoch  89  train MSE 0.00031  val MSE 0.00030
epoch  90  train MSE 0.00031  val MSE 0.00035
epoch  91  train MSE 0.00031  val MSE 0.00030
epoch  92  train MSE 0.00030  val MSE 0.00030
epoch  93  train MSE 0.00029  val MSE 0.00031
epoch  94  train MSE 0.00029  val MSE 0.00030
epoch  95  train MSE 0.00029  val MSE 0.00030
epoch  96  train MSE 0.00029  val MSE 0.00029
epoch  97  train MSE 0.00030  val MSE 0.00031
epoch  98  train MSE 0.00029  val MSE 0.00030
epoch  99  train MSE 0.00029  val MSE 0.00030
epoch 100  train MSE 0.00029  val MSE 0.00029
Kept epoch 100 (val MSE 0.00029). Threshold (best F1 on split A): 0.00453 (split-A F1 0.933)
Saved weights/ae.pt
